[32m[INFO][0m setup plugin alembic.autogenerate.schemas
[32m[INFO][0m setup plugin alembic.autogenerate.tables
[32m[INFO][0m setup plugin alembic.autogenerate.types
[32m[INFO][0m setup plugin alembic.autogenerate.constraints
[32m[INFO][0m setup plugin alembic.autogenerate.defaults
[32m[INFO][0m setup plugin alembic.autogenerate.comments
[1m[33m[WARNING][0m Could not autodetect AIMDO implementation, assuming Nvidia
[32m[INFO][0m comfy-aimdo unsupported operating system: Darwin
[32m[INFO][0m NOTE: comfy-aimdo currently only supports Windows and Linux
[32m[INFO][0m Found comfy_kitchen backend eager: {'available': True, 'disabled': False, 'unavailable_reason': None, 'capabilities': ['apply_rope', 'apply_rope1', 'dequantize_mxfp8', 'dequantize_nvfp4', 'dequantize_per_tensor_fp8', 'quantize_mxfp8', 'quantize_nvfp4', 'quantize_per_tensor_fp8', 'scaled_mm_mxfp8', 'scaled_mm_nvfp4']}
[32m[INFO][0m Found comfy_kitchen backend triton: {'available': False, 'disabled': True, 'unavailable_reason': "ImportError: No module named 'triton'", 'capabilities': []}
[32m[INFO][0m Found comfy_kitchen backend cuda: {'available': False, 'disabled': True, 'unavailable_reason': 'Extension file not found: /Users/home/workspace/cdac-nesthub/runtime/external_runtimes/comfyui/.venv/lib/python3.11/site-packages/comfy_kitchen/backends/cuda/_C.abi3.so', 'capabilities': []}
[32m[INFO][0m Checkpoint files will always be loaded safely.
[32m[INFO][0m Total VRAM 8192 MB, total RAM 8192 MB
[32m[INFO][0m pytorch version: 2.12.0
[32m[INFO][0m Mac Version (26, 5)
[32m[INFO][0m Set vram state to: SHARED
[32m[INFO][0m Device: mps
[32m[INFO][0m Using sub quadratic optimization for attention, if you have memory or speed issues try using: --use-split-cross-attention
[32m[INFO][0m Python version: 3.11.9 (main, Apr 27 2026, 20:53:46) [Clang 17.0.0 (clang-1700.0.13.5)]
[32m[INFO][0m ComfyUI version: 0.22.0
[32m[INFO][0m comfy-aimdo version: 0.4.5
[32m[INFO][0m comfy-kitchen version: 0.2.8
[32m[INFO][0m comfyui-frontend-package version: 1.44.19
[32m[INFO][0m comfyui-workflow-templates version: 0.9.85
[32m[INFO][0m comfyui-embedded-docs version: 0.5.1
[32m[INFO][0m comfy-kitchen version: 0.2.8
[32m[INFO][0m comfy-aimdo version: 0.4.5
[32m[INFO][0m [Prompt Server] web root: /Users/home/workspace/cdac-nesthub/runtime/external_runtimes/comfyui/.venv/lib/python3.11/site-packages/comfyui_frontend_package/static
[32m[INFO][0m Asset seeder disabled
[32m[INFO][0m 
Import times for custom nodes:
[32m[INFO][0m    0.0 seconds: /Users/home/workspace/cdac-nesthub/runtime/external_runtimes/comfyui/custom_nodes/websocket_image_save.py
[32m[INFO][0m 
[32m[INFO][0m Context impl SQLiteImpl.
[32m[INFO][0m Will assume non-transactional DDL.
[32m[INFO][0m Using RAM pressure cache.
[32m[INFO][0m Starting server

[32m[INFO][0m To see the GUI go to: http://127.0.0.1:8188
[32m[INFO][0m got prompt
[32m[INFO][0m model weight dtype torch.float16, manual cast: None
[32m[INFO][0m model_type EPS
[32m[INFO][0m Using split attention in VAE
[32m[INFO][0m Using split attention in VAE
[32m[INFO][0m VAE load device: mps, offload device: cpu, dtype: torch.bfloat16
[32m[INFO][0m Requested to load SDXLClipModel
[32m[INFO][0m loaded completely;  1560.80 MB loaded, full load: True
[32m[INFO][0m CLIP/text encoder model load device: cpu, offload device: cpu, current: cpu, dtype: torch.float16
[32m[INFO][0m loaded diffusion model directly to GPU
[32m[INFO][0m Requested to load SDXL
[32m[INFO][0m loaded completely;  4897.05 MB loaded, full load: True
  0%|          | 0/4 [00:00<?, ?it/s] 25%|██▌       | 1/4 [01:00<03:00, 60.05s/it] 50%|█████     | 2/4 [01:33<01:28, 44.25s/it] 75%|███████▌  | 3/4 [01:49<00:31, 31.54s/it]100%|██████████| 4/4 [01:56<00:00, 21.88s/it]100%|██████████| 4/4 [01:56<00:00, 29.19s/it]
[32m[INFO][0m Requested to load AutoencoderKL
[32m[INFO][0m loaded completely;  159.56 MB loaded, full load: True
[32m[INFO][0m [32mPrompt executed in 295.12 seconds[0m
/Users/home/.pyenv/versions/3.11.9/lib/python3.11/multiprocessing/resource_tracker.py:254: UserWarning: resource_tracker: There appear to be 1 leaked semaphore objects to clean up at shutdown
  warnings.warn('resource_tracker: There appear to be %d '
[32m[INFO][0m setup plugin alembic.autogenerate.schemas
[32m[INFO][0m setup plugin alembic.autogenerate.tables
[32m[INFO][0m setup plugin alembic.autogenerate.types
[32m[INFO][0m setup plugin alembic.autogenerate.constraints
[32m[INFO][0m setup plugin alembic.autogenerate.defaults
[32m[INFO][0m setup plugin alembic.autogenerate.comments
[1m[33m[WARNING][0m Could not autodetect AIMDO implementation, assuming Nvidia
[32m[INFO][0m comfy-aimdo unsupported operating system: Darwin
[32m[INFO][0m NOTE: comfy-aimdo currently only supports Windows and Linux
[32m[INFO][0m Found comfy_kitchen backend cuda: {'available': False, 'disabled': True, 'unavailable_reason': 'Extension file not found: /Users/home/workspace/cdac-nesthub/runtime/external_runtimes/comfyui/.venv/lib/python3.11/site-packages/comfy_kitchen/backends/cuda/_C.abi3.so', 'capabilities': []}
[32m[INFO][0m Found comfy_kitchen backend eager: {'available': True, 'disabled': False, 'unavailable_reason': None, 'capabilities': ['apply_rope', 'apply_rope1', 'dequantize_mxfp8', 'dequantize_nvfp4', 'dequantize_per_tensor_fp8', 'quantize_mxfp8', 'quantize_nvfp4', 'quantize_per_tensor_fp8', 'scaled_mm_mxfp8', 'scaled_mm_nvfp4']}
[32m[INFO][0m Found comfy_kitchen backend triton: {'available': False, 'disabled': True, 'unavailable_reason': "ImportError: No module named 'triton'", 'capabilities': []}
[32m[INFO][0m Checkpoint files will always be loaded safely.
[32m[INFO][0m Total VRAM 8192 MB, total RAM 8192 MB
[32m[INFO][0m pytorch version: 2.12.0
[32m[INFO][0m Mac Version (26, 5)
[32m[INFO][0m Set vram state to: SHARED
[32m[INFO][0m Device: mps
[32m[INFO][0m Using sub quadratic optimization for attention, if you have memory or speed issues try using: --use-split-cross-attention
[32m[INFO][0m Python version: 3.11.9 (main, Apr 27 2026, 20:53:46) [Clang 17.0.0 (clang-1700.0.13.5)]
[32m[INFO][0m ComfyUI version: 0.22.0
[32m[INFO][0m comfy-aimdo version: 0.4.5
[32m[INFO][0m comfy-kitchen version: 0.2.8
[32m[INFO][0m comfyui-frontend-package version: 1.44.19
[32m[INFO][0m comfyui-workflow-templates version: 0.9.85
[32m[INFO][0m comfyui-embedded-docs version: 0.5.1
[32m[INFO][0m comfy-kitchen version: 0.2.8
[32m[INFO][0m comfy-aimdo version: 0.4.5
[32m[INFO][0m [Prompt Server] web root: /Users/home/workspace/cdac-nesthub/runtime/external_runtimes/comfyui/.venv/lib/python3.11/site-packages/comfyui_frontend_package/static
[32m[INFO][0m Asset seeder disabled
[32m[INFO][0m 
Import times for custom nodes:
[32m[INFO][0m    0.0 seconds: /Users/home/workspace/cdac-nesthub/runtime/external_runtimes/comfyui/custom_nodes/websocket_image_save.py
[32m[INFO][0m 
[32m[INFO][0m Context impl SQLiteImpl.
[32m[INFO][0m Will assume non-transactional DDL.
[32m[INFO][0m Using RAM pressure cache.
[32m[INFO][0m Starting server

[32m[INFO][0m To see the GUI go to: http://127.0.0.1:8188
[32m[INFO][0m setup plugin alembic.autogenerate.schemas
[32m[INFO][0m setup plugin alembic.autogenerate.tables
[32m[INFO][0m setup plugin alembic.autogenerate.types
[32m[INFO][0m setup plugin alembic.autogenerate.constraints
[32m[INFO][0m setup plugin alembic.autogenerate.defaults
[32m[INFO][0m setup plugin alembic.autogenerate.comments
[1m[33m[WARNING][0m Could not autodetect AIMDO implementation, assuming Nvidia
[32m[INFO][0m comfy-aimdo unsupported operating system: Darwin
[32m[INFO][0m NOTE: comfy-aimdo currently only supports Windows and Linux
[32m[INFO][0m Found comfy_kitchen backend cuda: {'available': False, 'disabled': True, 'unavailable_reason': 'Extension file not found: /Users/home/workspace/cdac-nesthub/runtime/external_runtimes/comfyui/.venv/lib/python3.11/site-packages/comfy_kitchen/backends/cuda/_C.abi3.so', 'capabilities': []}
[32m[INFO][0m Found comfy_kitchen backend eager: {'available': True, 'disabled': False, 'unavailable_reason': None, 'capabilities': ['apply_rope', 'apply_rope1', 'dequantize_mxfp8', 'dequantize_nvfp4', 'dequantize_per_tensor_fp8', 'quantize_mxfp8', 'quantize_nvfp4', 'quantize_per_tensor_fp8', 'scaled_mm_mxfp8', 'scaled_mm_nvfp4']}
[32m[INFO][0m Found comfy_kitchen backend triton: {'available': False, 'disabled': True, 'unavailable_reason': "ImportError: No module named 'triton'", 'capabilities': []}
[32m[INFO][0m Checkpoint files will always be loaded safely.
[32m[INFO][0m Total VRAM 8192 MB, total RAM 8192 MB
[32m[INFO][0m pytorch version: 2.12.0
[32m[INFO][0m Mac Version (26, 5)
[32m[INFO][0m Set vram state to: SHARED
[32m[INFO][0m Device: mps
[32m[INFO][0m Using sub quadratic optimization for attention, if you have memory or speed issues try using: --use-split-cross-attention
[32m[INFO][0m Python version: 3.11.9 (main, Apr 27 2026, 20:53:46) [Clang 17.0.0 (clang-1700.0.13.5)]
[32m[INFO][0m ComfyUI version: 0.22.0
[32m[INFO][0m comfy-aimdo version: 0.4.5
[32m[INFO][0m comfy-kitchen version: 0.2.8
[32m[INFO][0m comfyui-frontend-package version: 1.44.19
[32m[INFO][0m comfyui-workflow-templates version: 0.9.85
[32m[INFO][0m comfyui-embedded-docs version: 0.5.1
[32m[INFO][0m comfy-kitchen version: 0.2.8
[32m[INFO][0m comfy-aimdo version: 0.4.5
[32m[INFO][0m [Prompt Server] web root: /Users/home/workspace/cdac-nesthub/runtime/external_runtimes/comfyui/.venv/lib/python3.11/site-packages/comfyui_frontend_package/static
[32m[INFO][0m Asset seeder disabled
[32m[INFO][0m 
Import times for custom nodes:
[32m[INFO][0m    0.0 seconds: /Users/home/workspace/cdac-nesthub/runtime/external_runtimes/comfyui/custom_nodes/websocket_image_save.py
[32m[INFO][0m 
[32m[INFO][0m Context impl SQLiteImpl.
[32m[INFO][0m Will assume non-transactional DDL.
[32m[INFO][0m Using RAM pressure cache.
[32m[INFO][0m Starting server

[32m[INFO][0m To see the GUI go to: http://127.0.0.1:8188
[32m[INFO][0m setup plugin alembic.autogenerate.schemas
[32m[INFO][0m setup plugin alembic.autogenerate.tables
[32m[INFO][0m setup plugin alembic.autogenerate.types
[32m[INFO][0m setup plugin alembic.autogenerate.constraints
[32m[INFO][0m setup plugin alembic.autogenerate.defaults
[32m[INFO][0m setup plugin alembic.autogenerate.comments
[1m[33m[WARNING][0m Could not autodetect AIMDO implementation, assuming Nvidia
[32m[INFO][0m comfy-aimdo unsupported operating system: Darwin
[32m[INFO][0m NOTE: comfy-aimdo currently only supports Windows and Linux
[32m[INFO][0m Found comfy_kitchen backend triton: {'available': False, 'disabled': True, 'unavailable_reason': "ImportError: No module named 'triton'", 'capabilities': []}
[32m[INFO][0m Found comfy_kitchen backend cuda: {'available': False, 'disabled': True, 'unavailable_reason': 'Extension file not found: /Users/home/workspace/cdac-nesthub/runtime/external_runtimes/comfyui/.venv/lib/python3.11/site-packages/comfy_kitchen/backends/cuda/_C.abi3.so', 'capabilities': []}
[32m[INFO][0m Found comfy_kitchen backend eager: {'available': True, 'disabled': False, 'unavailable_reason': None, 'capabilities': ['apply_rope', 'apply_rope1', 'dequantize_mxfp8', 'dequantize_nvfp4', 'dequantize_per_tensor_fp8', 'quantize_mxfp8', 'quantize_nvfp4', 'quantize_per_tensor_fp8', 'scaled_mm_mxfp8', 'scaled_mm_nvfp4']}
[32m[INFO][0m Checkpoint files will always be loaded safely.
[32m[INFO][0m Total VRAM 8192 MB, total RAM 8192 MB
[32m[INFO][0m pytorch version: 2.12.0
[32m[INFO][0m Mac Version (26, 5)
[32m[INFO][0m Set vram state to: SHARED
[32m[INFO][0m Device: mps
[32m[INFO][0m Using sub quadratic optimization for attention, if you have memory or speed issues try using: --use-split-cross-attention
[32m[INFO][0m Python version: 3.11.9 (main, Apr 27 2026, 20:53:46) [Clang 17.0.0 (clang-1700.0.13.5)]
[32m[INFO][0m ComfyUI version: 0.22.0
[32m[INFO][0m comfy-aimdo version: 0.4.5
[32m[INFO][0m comfy-kitchen version: 0.2.8
[32m[INFO][0m comfyui-frontend-package version: 1.44.19
[32m[INFO][0m comfyui-workflow-templates version: 0.9.85
[32m[INFO][0m comfyui-embedded-docs version: 0.5.1
[32m[INFO][0m comfy-kitchen version: 0.2.8
[32m[INFO][0m comfy-aimdo version: 0.4.5
[32m[INFO][0m [Prompt Server] web root: /Users/home/workspace/cdac-nesthub/runtime/external_runtimes/comfyui/.venv/lib/python3.11/site-packages/comfyui_frontend_package/static
[32m[INFO][0m Asset seeder disabled
[32m[INFO][0m 
Import times for custom nodes:
[32m[INFO][0m    0.0 seconds: /Users/home/workspace/cdac-nesthub/runtime/external_runtimes/comfyui/custom_nodes/websocket_image_save.py
[32m[INFO][0m 
[32m[INFO][0m Context impl SQLiteImpl.
[32m[INFO][0m Will assume non-transactional DDL.
[32m[INFO][0m Using RAM pressure cache.
[32m[INFO][0m Starting server

[32m[INFO][0m To see the GUI go to: http://127.0.0.1:8188
[32m[INFO][0m setup plugin alembic.autogenerate.schemas
[32m[INFO][0m setup plugin alembic.autogenerate.tables
[32m[INFO][0m setup plugin alembic.autogenerate.types
[32m[INFO][0m setup plugin alembic.autogenerate.constraints
[32m[INFO][0m setup plugin alembic.autogenerate.defaults
[32m[INFO][0m setup plugin alembic.autogenerate.comments
[1m[33m[WARNING][0m Could not autodetect AIMDO implementation, assuming Nvidia
[32m[INFO][0m comfy-aimdo unsupported operating system: Darwin
[32m[INFO][0m NOTE: comfy-aimdo currently only supports Windows and Linux
[32m[INFO][0m Found comfy_kitchen backend cuda: {'available': False, 'disabled': True, 'unavailable_reason': 'Extension file not found: /Users/home/workspace/cdac-nesthub/runtime/external_runtimes/comfyui/.venv/lib/python3.11/site-packages/comfy_kitchen/backends/cuda/_C.abi3.so', 'capabilities': []}
[32m[INFO][0m Found comfy_kitchen backend triton: {'available': False, 'disabled': True, 'unavailable_reason': "ImportError: No module named 'triton'", 'capabilities': []}
[32m[INFO][0m Found comfy_kitchen backend eager: {'available': True, 'disabled': False, 'unavailable_reason': None, 'capabilities': ['apply_rope', 'apply_rope1', 'dequantize_mxfp8', 'dequantize_nvfp4', 'dequantize_per_tensor_fp8', 'quantize_mxfp8', 'quantize_nvfp4', 'quantize_per_tensor_fp8', 'scaled_mm_mxfp8', 'scaled_mm_nvfp4']}
[32m[INFO][0m Checkpoint files will always be loaded safely.
[32m[INFO][0m Total VRAM 8192 MB, total RAM 8192 MB
[32m[INFO][0m pytorch version: 2.12.0
[32m[INFO][0m Mac Version (26, 5)
[32m[INFO][0m Set vram state to: SHARED
[32m[INFO][0m Device: mps
[32m[INFO][0m Using sub quadratic optimization for attention, if you have memory or speed issues try using: --use-split-cross-attention
[32m[INFO][0m Python version: 3.11.9 (main, Apr 27 2026, 20:53:46) [Clang 17.0.0 (clang-1700.0.13.5)]
[32m[INFO][0m ComfyUI version: 0.22.0
[32m[INFO][0m comfy-aimdo version: 0.4.5
[32m[INFO][0m comfy-kitchen version: 0.2.8
[32m[INFO][0m comfyui-frontend-package version: 1.44.19
[32m[INFO][0m comfyui-workflow-templates version: 0.9.85
[32m[INFO][0m comfyui-embedded-docs version: 0.5.1
[32m[INFO][0m comfy-kitchen version: 0.2.8
[32m[INFO][0m comfy-aimdo version: 0.4.5
[32m[INFO][0m [Prompt Server] web root: /Users/home/workspace/cdac-nesthub/runtime/external_runtimes/comfyui/.venv/lib/python3.11/site-packages/comfyui_frontend_package/static
[32m[INFO][0m Asset seeder disabled
[32m[INFO][0m 
Import times for custom nodes:
[32m[INFO][0m    0.0 seconds: /Users/home/workspace/cdac-nesthub/runtime/external_runtimes/comfyui/custom_nodes/websocket_image_save.py
[32m[INFO][0m 
[32m[INFO][0m Context impl SQLiteImpl.
[32m[INFO][0m Will assume non-transactional DDL.
[32m[INFO][0m Using RAM pressure cache.
[32m[INFO][0m Starting server

[32m[INFO][0m To see the GUI go to: http://127.0.0.1:8188
[32m[INFO][0m setup plugin alembic.autogenerate.schemas
[32m[INFO][0m setup plugin alembic.autogenerate.tables
[32m[INFO][0m setup plugin alembic.autogenerate.types
[32m[INFO][0m setup plugin alembic.autogenerate.constraints
[32m[INFO][0m setup plugin alembic.autogenerate.defaults
[32m[INFO][0m setup plugin alembic.autogenerate.comments
[1m[33m[WARNING][0m Could not autodetect AIMDO implementation, assuming Nvidia
[32m[INFO][0m comfy-aimdo unsupported operating system: Darwin
[32m[INFO][0m NOTE: comfy-aimdo currently only supports Windows and Linux
[32m[INFO][0m Found comfy_kitchen backend cuda: {'available': False, 'disabled': True, 'unavailable_reason': 'Extension file not found: /Users/home/workspace/cdac-nesthub/runtime/external_runtimes/comfyui/.venv/lib/python3.11/site-packages/comfy_kitchen/backends/cuda/_C.abi3.so', 'capabilities': []}
[32m[INFO][0m Found comfy_kitchen backend triton: {'available': False, 'disabled': True, 'unavailable_reason': "ImportError: No module named 'triton'", 'capabilities': []}
[32m[INFO][0m Found comfy_kitchen backend eager: {'available': True, 'disabled': False, 'unavailable_reason': None, 'capabilities': ['apply_rope', 'apply_rope1', 'dequantize_mxfp8', 'dequantize_nvfp4', 'dequantize_per_tensor_fp8', 'quantize_mxfp8', 'quantize_nvfp4', 'quantize_per_tensor_fp8', 'scaled_mm_mxfp8', 'scaled_mm_nvfp4']}
[32m[INFO][0m Checkpoint files will always be loaded safely.
[32m[INFO][0m Total VRAM 8192 MB, total RAM 8192 MB
[32m[INFO][0m pytorch version: 2.12.0
[32m[INFO][0m Mac Version (26, 5)
[32m[INFO][0m Set vram state to: SHARED
[32m[INFO][0m Device: mps
[32m[INFO][0m Using sub quadratic optimization for attention, if you have memory or speed issues try using: --use-split-cross-attention
[32m[INFO][0m Python version: 3.11.9 (main, Apr 27 2026, 20:53:46) [Clang 17.0.0 (clang-1700.0.13.5)]
[32m[INFO][0m ComfyUI version: 0.22.0
[32m[INFO][0m comfy-aimdo version: 0.4.5
[32m[INFO][0m comfy-kitchen version: 0.2.8
[32m[INFO][0m comfyui-frontend-package version: 1.44.19
[32m[INFO][0m comfyui-workflow-templates version: 0.9.85
[32m[INFO][0m comfyui-embedded-docs version: 0.5.1
[32m[INFO][0m comfy-kitchen version: 0.2.8
[32m[INFO][0m comfy-aimdo version: 0.4.5
[32m[INFO][0m [Prompt Server] web root: /Users/home/workspace/cdac-nesthub/runtime/external_runtimes/comfyui/.venv/lib/python3.11/site-packages/comfyui_frontend_package/static
[32m[INFO][0m Asset seeder disabled
[32m[INFO][0m 
Import times for custom nodes:
[32m[INFO][0m    0.0 seconds: /Users/home/workspace/cdac-nesthub/runtime/external_runtimes/comfyui/custom_nodes/websocket_image_save.py
[32m[INFO][0m 
[32m[INFO][0m Context impl SQLiteImpl.
[32m[INFO][0m Will assume non-transactional DDL.
[32m[INFO][0m Using RAM pressure cache.
[32m[INFO][0m Starting server

[32m[INFO][0m To see the GUI go to: http://127.0.0.1:8188
[32m[INFO][0m setup plugin alembic.autogenerate.schemas
[32m[INFO][0m setup plugin alembic.autogenerate.tables
[32m[INFO][0m setup plugin alembic.autogenerate.types
[32m[INFO][0m setup plugin alembic.autogenerate.constraints
[32m[INFO][0m setup plugin alembic.autogenerate.defaults
[32m[INFO][0m setup plugin alembic.autogenerate.comments
[1m[33m[WARNING][0m Could not autodetect AIMDO implementation, assuming Nvidia
[32m[INFO][0m comfy-aimdo unsupported operating system: Darwin
[32m[INFO][0m NOTE: comfy-aimdo currently only supports Windows and Linux
[32m[INFO][0m Found comfy_kitchen backend eager: {'available': True, 'disabled': False, 'unavailable_reason': None, 'capabilities': ['apply_rope', 'apply_rope1', 'dequantize_mxfp8', 'dequantize_nvfp4', 'dequantize_per_tensor_fp8', 'quantize_mxfp8', 'quantize_nvfp4', 'quantize_per_tensor_fp8', 'scaled_mm_mxfp8', 'scaled_mm_nvfp4']}
[32m[INFO][0m Found comfy_kitchen backend cuda: {'available': False, 'disabled': True, 'unavailable_reason': 'Extension file not found: /Users/home/workspace/cdac-nesthub/runtime/external_runtimes/comfyui/.venv/lib/python3.11/site-packages/comfy_kitchen/backends/cuda/_C.abi3.so', 'capabilities': []}
[32m[INFO][0m Found comfy_kitchen backend triton: {'available': False, 'disabled': True, 'unavailable_reason': "ImportError: No module named 'triton'", 'capabilities': []}
[32m[INFO][0m Checkpoint files will always be loaded safely.
[32m[INFO][0m Total VRAM 8192 MB, total RAM 8192 MB
[32m[INFO][0m pytorch version: 2.12.0
[32m[INFO][0m Mac Version (26, 5)
[32m[INFO][0m Set vram state to: SHARED
[32m[INFO][0m Device: mps
[32m[INFO][0m Using sub quadratic optimization for attention, if you have memory or speed issues try using: --use-split-cross-attention
[32m[INFO][0m Python version: 3.11.9 (main, Apr 27 2026, 20:53:46) [Clang 17.0.0 (clang-1700.0.13.5)]
[32m[INFO][0m ComfyUI version: 0.22.0
[32m[INFO][0m comfy-aimdo version: 0.4.5
[32m[INFO][0m comfy-kitchen version: 0.2.8
[32m[INFO][0m comfyui-frontend-package version: 1.44.19
[32m[INFO][0m comfyui-workflow-templates version: 0.9.85
[32m[INFO][0m comfyui-embedded-docs version: 0.5.1
[32m[INFO][0m comfy-kitchen version: 0.2.8
[32m[INFO][0m comfy-aimdo version: 0.4.5
[32m[INFO][0m [Prompt Server] web root: /Users/home/workspace/cdac-nesthub/runtime/external_runtimes/comfyui/.venv/lib/python3.11/site-packages/comfyui_frontend_package/static
[32m[INFO][0m Asset seeder disabled
[32m[INFO][0m 
Import times for custom nodes:
[32m[INFO][0m    0.0 seconds: /Users/home/workspace/cdac-nesthub/runtime/external_runtimes/comfyui/custom_nodes/websocket_image_save.py
[32m[INFO][0m 
[32m[INFO][0m Context impl SQLiteImpl.
[32m[INFO][0m Will assume non-transactional DDL.
[32m[INFO][0m Using RAM pressure cache.
[32m[INFO][0m Starting server

[32m[INFO][0m To see the GUI go to: http://127.0.0.1:8188
[32m[INFO][0m setup plugin alembic.autogenerate.schemas
[32m[INFO][0m setup plugin alembic.autogenerate.tables
[32m[INFO][0m setup plugin alembic.autogenerate.types
[32m[INFO][0m setup plugin alembic.autogenerate.constraints
[32m[INFO][0m setup plugin alembic.autogenerate.defaults
[32m[INFO][0m setup plugin alembic.autogenerate.comments
[1m[33m[WARNING][0m Could not autodetect AIMDO implementation, assuming Nvidia
[32m[INFO][0m comfy-aimdo unsupported operating system: Darwin
[32m[INFO][0m NOTE: comfy-aimdo currently only supports Windows and Linux
[32m[INFO][0m Found comfy_kitchen backend eager: {'available': True, 'disabled': False, 'unavailable_reason': None, 'capabilities': ['apply_rope', 'apply_rope1', 'dequantize_mxfp8', 'dequantize_nvfp4', 'dequantize_per_tensor_fp8', 'quantize_mxfp8', 'quantize_nvfp4', 'quantize_per_tensor_fp8', 'scaled_mm_mxfp8', 'scaled_mm_nvfp4']}
[32m[INFO][0m Found comfy_kitchen backend triton: {'available': False, 'disabled': True, 'unavailable_reason': "ImportError: No module named 'triton'", 'capabilities': []}
[32m[INFO][0m Found comfy_kitchen backend cuda: {'available': False, 'disabled': True, 'unavailable_reason': 'Extension file not found: /Users/home/workspace/cdac-nesthub/runtime/external_runtimes/comfyui/.venv/lib/python3.11/site-packages/comfy_kitchen/backends/cuda/_C.abi3.so', 'capabilities': []}
[32m[INFO][0m Checkpoint files will always be loaded safely.
[32m[INFO][0m Total VRAM 8192 MB, total RAM 8192 MB
[32m[INFO][0m pytorch version: 2.12.0
[32m[INFO][0m Mac Version (26, 5)
[32m[INFO][0m Set vram state to: SHARED
[32m[INFO][0m Device: mps
[32m[INFO][0m Using sub quadratic optimization for attention, if you have memory or speed issues try using: --use-split-cross-attention
[32m[INFO][0m Python version: 3.11.9 (main, Apr 27 2026, 20:53:46) [Clang 17.0.0 (clang-1700.0.13.5)]
[32m[INFO][0m ComfyUI version: 0.22.0
[32m[INFO][0m comfy-aimdo version: 0.4.5
[32m[INFO][0m comfy-kitchen version: 0.2.8
[32m[INFO][0m comfyui-frontend-package version: 1.44.19
[32m[INFO][0m comfyui-workflow-templates version: 0.9.85
[32m[INFO][0m comfyui-embedded-docs version: 0.5.1
[32m[INFO][0m comfy-kitchen version: 0.2.8
[32m[INFO][0m comfy-aimdo version: 0.4.5
[32m[INFO][0m [Prompt Server] web root: /Users/home/workspace/cdac-nesthub/runtime/external_runtimes/comfyui/.venv/lib/python3.11/site-packages/comfyui_frontend_package/static
[32m[INFO][0m Asset seeder disabled
[32m[INFO][0m 
Import times for custom nodes:
[32m[INFO][0m    0.0 seconds: /Users/home/workspace/cdac-nesthub/runtime/external_runtimes/comfyui/custom_nodes/websocket_image_save.py
[32m[INFO][0m 
[32m[INFO][0m Context impl SQLiteImpl.
[32m[INFO][0m Will assume non-transactional DDL.
[32m[INFO][0m Using RAM pressure cache.
[32m[INFO][0m Starting server

[32m[INFO][0m To see the GUI go to: http://127.0.0.1:8188
